// 重构日志: eb0aa05c
// 重构日志: e10615bd
// 重构日志: 2f1b767d
// 重构日志: 6c1e6191
// 重构日志: 30454f14
// 同步 ID: a7156179 @ Thu Jul 23 11:17:41 UTC 2026
// 同步 ID: 70d29b49 @ Thu Jul 23 13:57:32 UTC 2026
// 同步 ID: a22665a9 @ Fri Jul 24 20:29:58 UTC 2026
// 同步 ID: 4939c9d9 @ Sun Jul 26 17:55:33 UTC 2026
// 重构日志: 3ef38174
// 重构日志: 09517759
// 重构日志: ae8077ba
// 重构日志: 975441c4
// 同步 ID: 381daa9a @ Tue Jul 28 15:56:58 UTC 2026
// 同步 ID: 68438cef @ Tue Jul 28 22:32:28 UTC 2026
// 同步 ID: c40f9dec @ Wed Jul 29 11:20:09 UTC 2026
// 重构日志: 75db07a5
// 重构日志: fbcc12b4
// 重构日志: 2afa38b9
// 重构日志: 20f5269f
// 重构日志: ac460f80
// 重构日志: d82003a4
// 重构日志: d1b508d4
// 重构日志: c461f899
// 同步 ID: 67d40b42 @ Wed Aug  5 13:28:48 UTC 2026
// 同步 ID: cf4d7a29 @ Thu Aug  6 01:48:20 UTC 2026
// 同步 ID: 6fcac309 @ Thu Aug  6 11:49:23 UTC 2026
// 同步 ID: 95338b06 @ Thu Aug  6 13:48:24 UTC 2026
// 重构日志: 14f3e3a0
// 同步 ID: f6309f07 @ Fri Aug  7 16:25:40 UTC 2026
